<html>
<body>
<pre>
<h1>µVision Build Log</h1>
<h2>Tool Versions:</h2>
IDE-Version: µVision V5.29.0.0
Copyright (C) 2019 ARM Ltd and ARM Germany GmbH. All rights reserved.
License Information: a aa, a, LIC=65IDY-IE0KZ-5T33W-QW1CJ-06QJF-0EQIA
 
Tool Versions:
Toolchain:       MDK-ARM Plus  Version: 5.29.0.0
Toolchain Path:  C:\Keil_v5\ARM\ARMCC\Bin
C Compiler:      Armcc.exe V5.06 update 6 (build 750)
Assembler:       Armasm.exe V5.06 update 6 (build 750)
Linker/Locator:  ArmLink.exe V5.06 update 6 (build 750)
Library Manager: ArmAr.exe V5.06 update 6 (build 750)
Hex Converter:   FromElf.exe V5.06 update 6 (build 750)
CPU DLL:         SARMCM3.DLL V5.29.0.0
Dialog DLL:      DCM.DLL V1.17.3.0
Target DLL:      STLink\ST-LINKIII-KEIL_SWO.dll V3.0.7.0
Dialog DLL:      TCM.DLL V1.36.5.0
 
<h2>Project:</h2>
D:\AGV_ver2.0\UART_ESP8266\testReceiver\MDK-ARM\testReceiver.uvprojx
Project File Date:  02/22/2020

<h2>Output:</h2>
*** Using Compiler 'V5.06 update 6 (build 750)', folder: 'C:\Keil_v5\ARM\ARMCC\Bin'
Build target 'testReceiver'
compiling main.c...
../Src/main.c(116): warning:  #167-D: argument of type "volatile char *" is incompatible with parameter of type "char *restrict"
  				sprintf(lcd, "speed: %d       ",speed);
../Src/main.c(118): warning:  #167-D: argument of type "volatile char *" is incompatible with parameter of type "char *"
  				lcd_send_string(lcd);
../Src/main.c(125): warning:  #167-D: argument of type "volatile char *" is incompatible with parameter of type "char *restrict"
  				sprintf(lcd, "KD: %d           ",KD);
../Src/main.c(127): warning:  #167-D: argument of type "volatile char *" is incompatible with parameter of type "char *"
  				lcd_send_string(lcd);
../Src/main.c(134): warning:  #167-D: argument of type "volatile char *" is incompatible with parameter of type "char *restrict"
  				sprintf(lcd, "KI: %d           ",KI);
../Src/main.c(136): warning:  #167-D: argument of type "volatile char *" is incompatible with parameter of type "char *"
  				lcd_send_string(lcd);
../Src/main.c(143): warning:  #167-D: argument of type "volatile char *" is incompatible with parameter of type "char *restrict"
  				sprintf(lcd, "KP: %d            ",KP);
../Src/main.c(145): warning:  #167-D: argument of type "volatile char *" is incompatible with parameter of type "char *"
  				lcd_send_string(lcd);
../Src/main.c(162): warning:  #188-D: enumerated type mixed with another type
  		HAL_GPIO_WritePin(led_GPIO_Port,led_Pin,1);
../Src/main.c(167): warning:  #188-D: enumerated type mixed with another type
  		HAL_GPIO_WritePin(led2_GPIO_Port,led2_Pin,1);
../Src/main.c(172): warning:  #188-D: enumerated type mixed with another type
  		HAL_GPIO_WritePin(led3_GPIO_Port,led3_Pin,1);
../Src/main.c: 11 warnings, 0 errors
linking...
Program Size: Code=7668 RO-data=496 RW-data=36 ZI-data=1380  
"testReceiver\testReceiver.axf" - 0 Error(s), 11 Warning(s).

<h2>Software Packages used:</h2>

Package Vendor: ARM
                http://www.keil.com/pack/ARM.CMSIS.5.6.0.pack
                ARM.CMSIS.5.6.0
                CMSIS (Cortex Microcontroller Software Interface Standard)
   * Component: CORE Version: 5.3.0

Package Vendor: Keil
                http://www.keil.com/pack/Keil.STM32F1xx_DFP.2.3.0.pack
                Keil.STM32F1xx_DFP.2.3.0
                STMicroelectronics STM32F1 Series Device Support, Drivers and Examples

<h2>Collection of Component include folders:</h2>
  .\RTE\_testReceiver
  C:\Users\trand\AppData\Local\Arm\Packs\ARM\CMSIS\5.6.0\CMSIS\Core\Include
  C:\Users\trand\AppData\Local\Arm\Packs\Keil\STM32F1xx_DFP\2.3.0\Device\Include

<h2>Collection of Component Files used:</h2>

   * Component: ARM::CMSIS:CORE:5.3.0
Build Time Elapsed:  00:00:01
</pre>
</body>
</html>
