<html>
<body>
<pre>
<h1>µVision Build Log</h1>
<h2>Tool Versions:</h2>
IDE-Version: µVision V5.29.0.0
Copyright (C) 2019 ARM Ltd and ARM Germany GmbH. All rights reserved.
License Information: a a, a, LIC=----
 
Tool Versions:
Toolchain:       MDK-Lite  Version: 5.29.0.0
Toolchain Path:  C:\Keil_v5\ARM\ARMCC\Bin
C Compiler:      Armcc.exe V5.06 update 6 (build 750)
Assembler:       Armasm.exe V5.06 update 6 (build 750)
Linker/Locator:  ArmLink.exe V5.06 update 6 (build 750)
Library Manager: ArmAr.exe V5.06 update 6 (build 750)
Hex Converter:   FromElf.exe V5.06 update 6 (build 750)
CPU DLL:         SARMCM3.DLL V5.29.0.0
Dialog DLL:      DCM.DLL V1.17.3.0
Target DLL:      STLink\ST-LINKIII-KEIL_SWO.dll V3.0.7.0
Dialog DLL:      TCM.DLL V1.36.5.0
 
<h2>Project:</h2>
E:\Documents\AGV_Project_2.0\SoftWare\AGV program for STM32F4\AGV24.3\MDK-ARM\AGV24.3.uvprojx
Project File Date:  03/24/2020

<h2>Output:</h2>
*** Using Compiler 'V5.06 update 6 (build 750)', folder: 'C:\Keil_v5\ARM\ARMCC\Bin'
Build target 'AGV24.3'
compiling main.c...
../Inc/motor.h(9): warning:  #1-D: last line of file ends without a newline
  void motorRightBackward(uint32_t speed);
../Src/main.c(115): warning:  #188-D: enumerated type mixed with another type
  	HAL_GPIO_WritePin(Trig_sonar_GPIO_Port,Trig_sonar_Pin,0);
../Src/main.c(117): warning:  #188-D: enumerated type mixed with another type
  	HAL_GPIO_WritePin(Trig_sonar_GPIO_Port,Trig_sonar_Pin,1);
../Src/main.c(119): warning:  #188-D: enumerated type mixed with another type
  	HAL_GPIO_WritePin(Trig_sonar_GPIO_Port,Trig_sonar_Pin,0);
../Src/main.c(210): warning:  #188-D: enumerated type mixed with another type
  		HAL_GPIO_WritePin(Running_light_GPIO_Port, Running_light_Pin, 1);
../Src/main.c(211): warning:  #188-D: enumerated type mixed with another type
  		HAL_GPIO_WritePin(stop_light_GPIO_Port, stop_light_Pin, 1);
../Src/main.c(302): warning:  #188-D: enumerated type mixed with another type
  		HAL_GPIO_WritePin(stop_light_GPIO_Port,stop_light_Pin,1);
../Src/main.c(303): warning:  #188-D: enumerated type mixed with another type
  		HAL_GPIO_WritePin(led_GPIO_Port,led_Pin,0);
../Src/main.c(321): warning:  #188-D: enumerated type mixed with another type
  			HAL_GPIO_WritePin(Running_light_GPIO_Port,Running_light_Pin,1);
../Src/main.c(322): warning:  #188-D: enumerated type mixed with another type
  			HAL_GPIO_WritePin(stop_light_GPIO_Port,stop_light_Pin,0);
../Src/main.c(377): warning:  #188-D: enumerated type mixed with another type
  			HAL_GPIO_WritePin(GetIP_GPIO_Port,GetIP_Pin,0);
../Src/main.c(389): warning:  #167-D: argument of type "volatile char *" is incompatible with parameter of type "char *"
  			lcd_send_string(getIPResult);
../Src/main.c(395): warning:  #188-D: enumerated type mixed with another type
  			HAL_GPIO_WritePin(led_GPIO_Port,led_Pin,0);
../Src/main.c(429): warning:  #223-D: function "atoi" declared implicitly
              if (atoi(resultcpy) != 0) {
../Src/main.c(432): warning:  #167-D: argument of type "volatile char *" is incompatible with parameter of type "char *restrict"
                  sprintf(lcd, "  speed: %d       ", speed);
../Src/main.c(436): warning:  #167-D: argument of type "volatile char *" is incompatible with parameter of type "char *"
                  lcd_send_string(lcd);
../Src/main.c(445): warning:  #223-D: function "atoi" declared implicitly
              if (atoi(resultcpy) != 0) {
../Src/main.c(447): warning:  #167-D: argument of type "volatile char *" is incompatible with parameter of type "char *restrict"
                  sprintf(lcd, "    KD: %d           ", KD);
../Src/main.c(452): warning:  #167-D: argument of type "volatile char *" is incompatible with parameter of type "char *"
                  lcd_send_string(lcd);
../Src/main.c(461): warning:  #223-D: function "atoi" declared implicitly
              if (atoi(resultcpy) != 0) {
../Src/main.c(464): warning:  #167-D: argument of type "volatile char *" is incompatible with parameter of type "char *restrict"
                  sprintf(lcd, "    KI: %d           ", KI);
../Src/main.c(468): warning:  #167-D: argument of type "volatile char *" is incompatible with parameter of type "char *"
                  lcd_send_string(lcd);
../Src/main.c(477): warning:  #223-D: function "atoi" declared implicitly
              if (atoi(resultcpy) != 0) {
../Src/main.c(480): warning:  #167-D: argument of type "volatile char *" is incompatible with parameter of type "char *restrict"
                  sprintf(lcd, "    KP: %d            ", KP);
../Src/main.c(484): warning:  #167-D: argument of type "volatile char *" is incompatible with parameter of type "char *"
                  lcd_send_string(lcd);
../Src/main.c(503): warning:  #188-D: enumerated type mixed with another type
  				HAL_GPIO_WritePin(CHARGE_CTRL_GPIO_Port,CHARGE_CTRL_Pin,1);
../Src/main.c(507): warning:  #188-D: enumerated type mixed with another type
  					HAL_GPIO_WritePin(CHARGE_CTRL_GPIO_Port,CHARGE_CTRL_Pin,0);
../Src/main.c: 27 warnings, 0 errors
linking...
Program Size: Code=15696 RO-data=592 RW-data=52 ZI-data=1772  
"AGV24.3\AGV24.3" - 0 Error(s), 27 Warning(s).

<h2>Software Packages used:</h2>

Package Vendor: ARM
                http://www.keil.com/pack/ARM.CMSIS.5.6.0.pack
                ARM.CMSIS.5.6.0
                CMSIS (Cortex Microcontroller Software Interface Standard)
   * Component: CORE Version: 5.3.0

Package Vendor: Keil
                http://www.keil.com/pack/Keil.STM32F4xx_DFP.2.14.0.pack
                Keil.STM32F4xx_DFP.2.14.0
                STMicroelectronics STM32F4 Series Device Support, Drivers and Examples

<h2>Collection of Component include folders:</h2>
  .\RTE\_AGV24.3
  C:\Users\trand\AppData\Local\Arm\Packs\ARM\CMSIS\5.6.0\CMSIS\Core\Include
  C:\Users\trand\AppData\Local\Arm\Packs\Keil\STM32F4xx_DFP\2.14.0\Drivers\CMSIS\Device\ST\STM32F4xx\Include

<h2>Collection of Component Files used:</h2>

   * Component: ARM::CMSIS:CORE:5.3.0
Build Time Elapsed:  00:00:03
</pre>
</body>
</html>
