<html>
<body>
<pre>
<h1>µVision Build Log</h1>
<h2>Tool Versions:</h2>
IDE-Version: µVision V5.29.0.0
Copyright (C) 2019 ARM Ltd and ARM Germany GmbH. All rights reserved.
License Information: a aa, a, LIC=65IDY-IE0KZ-5T33W-QW1CJ-06QJF-0EQIA
 
Tool Versions:
Toolchain:       MDK-ARM Plus  Version: 5.29.0.0
Toolchain Path:  C:\Keil_v5\ARM\ARMCC\Bin
C Compiler:      Armcc.exe V5.06 update 6 (build 750)
Assembler:       Armasm.exe V5.06 update 6 (build 750)
Linker/Locator:  ArmLink.exe V5.06 update 6 (build 750)
Library Manager: ArmAr.exe V5.06 update 6 (build 750)
Hex Converter:   FromElf.exe V5.06 update 6 (build 750)
CPU DLL:         SARMCM3.DLL V5.29.0.0
Dialog DLL:      DCM.DLL V1.17.3.0
Target DLL:      STLink\ST-LINKIII-KEIL_SWO.dll V3.0.7.0
Dialog DLL:      TCM.DLL V1.36.5.0
 
<h2>Project:</h2>
D:\AGV_ver2.0\UART_ESP8266\UART18.02\MDK-ARM\UART18.02.uvprojx
Project File Date:  02/20/2020

<h2>Output:</h2>
*** Using Compiler 'V5.06 update 6 (build 750)', folder: 'C:\Keil_v5\ARM\ARMCC\Bin'
Rebuild target 'UART18.02'
compiling stm32f1xx_hal_tim.c...
compiling stm32f1xx_hal_cortex.c...
compiling stm32f1xx_hal_rcc.c...
compiling stm32f1xx_hal.c...
compiling stm32f1xx_hal_flash.c...
compiling stm32f1xx_hal_dma.c...
compiling stm32f1xx_hal_gpio_ex.c...
compiling stm32f1xx_hal_flash_ex.c...
compiling stm32f1xx_hal_tim_ex.c...
compiling stm32f1xx_hal_pwr.c...
compiling stm32f1xx_hal_gpio.c...
compiling stm32f1xx_hal_i2c.c...
compiling stm32f1xx_hal_rcc_ex.c...
assembling startup_stm32f103xe.s...
compiling stm32f1xx_hal_uart.c...
compiling system_stm32f1xx.c...
compiling stm32f1xx_it.c...
compiling main.c...
../Src/main.c(112): warning:  #167-D: argument of type "unsigned char *" is incompatible with parameter of type "char *restrict"
  		sprintf(ESP,"AT+CWMODE=3");
../Src/main.c(116): warning:  #167-D: argument of type "unsigned char *" is incompatible with parameter of type "char *"
  		lcd_send_string(ESP);
../Src/main.c(119): warning:  #167-D: argument of type "unsigned char *" is incompatible with parameter of type "char *restrict"
  				sprintf(ESP,"\n");
../Src/main.c(123): warning:  #167-D: argument of type "unsigned char *" is incompatible with parameter of type "char *"
  		lcd_send_string(ESP);
../Src/main.c(131): warning:  #167-D: argument of type "unsigned char *" is incompatible with parameter of type "char *restrict"
  		sprintf(ESP,"AT+CWSAP=\"LaamDZ\",\"12345678\",5,3");
../Src/main.c(133): warning:  #167-D: argument of type "unsigned char *" is incompatible with parameter of type "char *"
  		lcd_send_string(ESP);
../Src/main.c(141): warning:  #167-D: argument of type "unsigned char *" is incompatible with parameter of type "char *restrict"
  				sprintf(ESP,"\n");
../Src/main.c(145): warning:  #167-D: argument of type "unsigned char *" is incompatible with parameter of type "char *"
  		lcd_send_string(ESP);
../Src/main.c: 8 warnings, 0 errors
compiling stm32f1xx_hal_msp.c...
compiling i2c-lcd.c...
linking...
Program Size: Code=6564 RO-data=360 RW-data=16 ZI-data=1224  
"UART18.02\UART18.02" - 0 Error(s), 8 Warning(s).

<h2>Software Packages used:</h2>

Package Vendor: ARM
                http://www.keil.com/pack/ARM.CMSIS.5.6.0.pack
                ARM.CMSIS.5.6.0
                CMSIS (Cortex Microcontroller Software Interface Standard)
   * Component: CORE Version: 5.3.0

Package Vendor: Keil
                http://www.keil.com/pack/Keil.STM32F1xx_DFP.2.3.0.pack
                Keil.STM32F1xx_DFP.2.3.0
                STMicroelectronics STM32F1 Series Device Support, Drivers and Examples

<h2>Collection of Component include folders:</h2>
  .\RTE\_UART18.02
  C:\Users\trand\AppData\Local\Arm\Packs\ARM\CMSIS\5.6.0\CMSIS\Core\Include
  C:\Users\trand\AppData\Local\Arm\Packs\Keil\STM32F1xx_DFP\2.3.0\Device\Include

<h2>Collection of Component Files used:</h2>

   * Component: ARM::CMSIS:CORE:5.3.0
Build Time Elapsed:  00:00:15
</pre>
</body>
</html>
