<html>
<body>
<pre>
<h1>µVision Build Log</h1>
<h2>Tool Versions:</h2>
IDE-Version: µVision V5.29.0.0
Copyright (C) 2019 ARM Ltd and ARM Germany GmbH. All rights reserved.
License Information: a aa, a, LIC=65IDY-IE0KZ-5T33W-QW1CJ-06QJF-0EQIA
 
Tool Versions:
Toolchain:       MDK-ARM Plus  Version: 5.29.0.0
Toolchain Path:  C:\Keil_v5\ARM\ARMCC\Bin
C Compiler:      Armcc.exe V5.06 update 6 (build 750)
Assembler:       Armasm.exe V5.06 update 6 (build 750)
Linker/Locator:  ArmLink.exe V5.06 update 6 (build 750)
Library Manager: ArmAr.exe V5.06 update 6 (build 750)
Hex Converter:   FromElf.exe V5.06 update 6 (build 750)
CPU DLL:         SARMCM3.DLL V5.29.0.0
Dialog DLL:      DCM.DLL V1.17.3.0
Target DLL:      STLink\ST-LINKIII-KEIL_SWO.dll V3.0.7.0
Dialog DLL:      TCM.DLL V1.36.5.0
 
<h2>Project:</h2>
C:\Users\trand\Desktop\AGV_Project\SoftWare\testReceiver6.3\MDK-ARM\testReceiver6.3.uvprojx
Project File Date:  03/06/2020

<h2>Output:</h2>
*** Using Compiler 'V5.06 update 6 (build 750)', folder: 'C:\Keil_v5\ARM\ARMCC\Bin'
Build target 'testReceiver6.3'
compiling main.c...
../Src/main.c(171): warning:  #167-D: argument of type "volatile char *" is incompatible with parameter of type "char *restrict"
                  sprintf(lcd, "  speed: %d       ", speed);
../Src/main.c(173): warning:  #167-D: argument of type "volatile char *" is incompatible with parameter of type "char *"
                  lcd_send_string(lcd);
../Src/main.c(180): warning:  #167-D: argument of type "volatile char *" is incompatible with parameter of type "char *restrict"
                  sprintf(lcd, "    KD: %d           ", KD);
../Src/main.c(183): warning:  #167-D: argument of type "volatile char *" is incompatible with parameter of type "char *"
                  lcd_send_string(lcd);
../Src/main.c(191): warning:  #167-D: argument of type "volatile char *" is incompatible with parameter of type "char *restrict"
                  sprintf(lcd, "    KI: %d           ", KI);
../Src/main.c(193): warning:  #167-D: argument of type "volatile char *" is incompatible with parameter of type "char *"
                  lcd_send_string(lcd);
../Src/main.c(200): warning:  #167-D: argument of type "volatile char *" is incompatible with parameter of type "char *restrict"
                  sprintf(lcd, "    KP: %d            ", KP);
../Src/main.c(202): warning:  #167-D: argument of type "volatile char *" is incompatible with parameter of type "char *"
                  lcd_send_string(lcd);
../Src/main.c: 8 warnings, 0 errors
linking...
Program Size: Code=7656 RO-data=496 RW-data=32 ZI-data=1296  
"testReceiver6.3\testReceiver6.3" - 0 Error(s), 8 Warning(s).

<h2>Software Packages used:</h2>

Package Vendor: ARM
                http://www.keil.com/pack/ARM.CMSIS.5.6.0.pack
                ARM.CMSIS.5.6.0
                CMSIS (Cortex Microcontroller Software Interface Standard)
   * Component: CORE Version: 5.3.0

Package Vendor: Keil
                http://www.keil.com/pack/Keil.STM32F1xx_DFP.2.3.0.pack
                Keil.STM32F1xx_DFP.2.3.0
                STMicroelectronics STM32F1 Series Device Support, Drivers and Examples

<h2>Collection of Component include folders:</h2>
  .\RTE\_testReceiver6.3
  C:\Users\trand\AppData\Local\Arm\Packs\ARM\CMSIS\5.6.0\CMSIS\Core\Include
  C:\Users\trand\AppData\Local\Arm\Packs\Keil\STM32F1xx_DFP\2.3.0\Device\Include

<h2>Collection of Component Files used:</h2>

   * Component: ARM::CMSIS:CORE:5.3.0
Build Time Elapsed:  00:00:02
</pre>
</body>
</html>
